// Jest Snapshot v1, https://goo.gl/fbAQLP

exports[`zipSources it should add folders 1`] = `
Array [
  "./src/bar/1.txt",
  "./src/bar/2.txt",
  "./src/foo/1.txt",
  "./src/foo/2.txt",
]
`;
